# Snapshot

## Detected
react, nodejs, remix

## Files (3)
- .cursor/rules/nodejs.mdc
- .cursor/rules/react.mdc
- .cursor/rules/remix.mdc

---
FILE: .cursor/rules/nodejs.mdc
---
---
description: nodejs best practices and conventions
globs: ["**/*"]
alwaysApply: false
---

---
name: nodejs
description: Node.js runtime conventions, environment configuration, process management, and server bootstrap patterns. Use whenever writing server entry points, handling env vars, setting up process signals, or debugging Node.js runtime issues.
---

# Node.js Conventions

## Runtime
- Node.js 20+ LTS: use native `fetch`, `crypto`
- Always specify `"engines": { "node": ">=20" }` in package.json

## Environment Variables
- Validate all required env vars at startup: fail fast
```typescript
const required = ['DATABASE_URL', 'API_KEY'];
for (const key of required) {
  if (!process.env[key]) throw new Error(`Missing env var: ${key}`);
}
```
- Never read `process.env` deep in business logic: read at startup, pass down

## Process Management
- Handle `SIGTERM` and `SIGINT` for graceful shutdown
- Register `process.on('unhandledRejection', ...)` at startup: log + exit(1)

## Logging
- Structured JSON logging (pino or similar) in production
- Log level via `LOG_LEVEL` env var
- Always include: timestamp, level, message, module

## Package Conventions
- Commit `package-lock.json`
- Pin exact versions for infrastructure packages
- Scripts: always define `start`, `build`, `dev`, `typecheck`, `lint`

---
FILE: .cursor/rules/react.mdc
---
---
description: react best practices and conventions
globs: ["**/*"]
alwaysApply: false
---

---
name: react
description: React component patterns, hooks, state management, and accessibility conventions. Use whenever building React components, managing state, handling forms, writing custom hooks, or composing UI.
---

# React Conventions

## Component Structure
```typescript
interface Props { id: string; onDone?: () => void; }

export function MyComponent({ id, onDone }: Props) {
  // 1. Hooks  2. Derived state  3. Handlers  4. Effects  5. Render
}
```
- Named exports (except Next.js pages)

## State Management
- Local: `useState` / `useReducer`
- Server state: React Query / SWR. Never `useEffect` + `fetch`.
- Global: Zustand
- URL state: `useSearchParams`

## Performance
- `memo()` only after measuring
- Key prop: stable IDs, never array index

## Accessibility
- Keyboard navigable interactive elements
- Descriptive `alt` on all images
- `<label>` associated with every form field
- Semantic HTML: `<button>`, `<nav>`, `<main>`

---
FILE: .cursor/rules/remix.mdc
---
---
description: remix best practices and conventions
globs: ["**/*"]
alwaysApply: false
---

---
name: remix
description: Remix conventions: nested routing, loaders, actions, resource routes, and progressive enhancement. Use when building or editing a Remix app, routes, or API endpoints.
---

<!-- review before release -->

# Remix Conventions

## Structure
```
app/
├── root.tsx                    (outer layout)
├── routes/
│   ├── _index.tsx              (home route)
│   ├── about.tsx               (/about)
│   ├── users.$id.tsx           (/users/:id)
│   └── api.health.ts           (resource route)
└── entry.server.tsx
```

## Loaders and Actions
- `loader(args)`: server-side data fetching. Returns JSON, a Response, or a redirect.
- `action(args)`: form handling. Non-GET submissions route here.
- Both run only on the server. Safe to read env, DB, secrets.

```typescript
export async function loader({ params }: LoaderFunctionArgs) {
  const user = await db.user.find(params.id);
  if (!user) throw new Response('Not found', { status: 404 });
  return json({ user });
}
```

## Form Progressive Enhancement
- Use `<Form method="post">` from @remix-run/react. Works without JS; upgrades when hydrated.
- Validation errors: return `json({ errors }, { status: 400 })` from action.

## Resource Routes
- Routes that export only loader/action (no component) become API endpoints.
- Return `Response` directly for non-JSON payloads.

## Nested Routing
- Parent routes render an `<Outlet />`; children compose into it.
- Each route's loader runs in parallel on navigation.

## Environment
- No public prefix. Everything read in server code (loaders/actions) stays server-side.
- Expose values to the client only via loader return.
