# Snapshot

## Detected
nodejs, angular

## Files (2)
- .cursor/rules/angular.mdc
- .cursor/rules/nodejs.mdc

---
FILE: .cursor/rules/angular.mdc
---
---
description: angular best practices and conventions
globs: ["**/*"]
alwaysApply: false
---

---
name: angular
description: Angular conventions: standalone components, signals, dependency injection, RxJS patterns, routing, and the Angular CLI. Use when building or editing an Angular app, components, services, or route configs.
---

<!-- review before release -->

# Angular Conventions

## Structure
```
src/
├── app/
│   ├── app.config.ts          (bootstrap config, providers, router)
│   ├── app.routes.ts
│   ├── app.component.ts
│   └── features/
│       └── <feature>/
│           ├── <feature>.component.ts
│           ├── <feature>.service.ts
│           └── <feature>.routes.ts
└── main.ts
```

## Components
- Standalone components (`standalone: true` or the new default in 17+). Avoid NgModules in new code.
- Use OnPush change detection where data flow allows.
- Template files (`*.component.html`) for non-trivial markup; inline templates for small components.

## Signals and State
- Angular signals for reactive state: `signal(...)`, `computed(...)`, `effect(...)`.
- RxJS for streams and cross-cutting async (HTTP, forms). Don't mix signals and observables carelessly in one component.

## Services and DI
- `@Injectable({ providedIn: 'root' })` for singletons.
- Prefer constructor injection. Use `inject()` in functional contexts (guards, interceptors).

## Routing
- Lazy-load feature routes: `loadComponent: () => import(...)`.
- Functional guards and resolvers in v17+.

## Forms
- Reactive forms for anything non-trivial. Typed FormGroups via `new FormGroup<...>({...})`.

## Angular CLI
- `ng serve`, `ng build`, `ng test`, `ng lint`. Use `ng generate` for scaffolded artifacts so project structure stays conventional.

---
FILE: .cursor/rules/nodejs.mdc
---
---
description: nodejs best practices and conventions
globs: ["**/*"]
alwaysApply: false
---

---
name: nodejs
description: Node.js runtime conventions, environment configuration, process management, and server bootstrap patterns. Use whenever writing server entry points, handling env vars, setting up process signals, or debugging Node.js runtime issues.
---

# Node.js Conventions

## Runtime
- Node.js 20+ LTS — use native `fetch`, `crypto`
- Always specify `"engines": { "node": ">=20" }` in package.json

## Environment Variables
- Validate all required env vars at startup — fail fast
```typescript
const required = ['DATABASE_URL', 'API_KEY'];
for (const key of required) {
  if (!process.env[key]) throw new Error(`Missing env var: ${key}`);
}
```
- Never read `process.env` deep in business logic — read at startup, pass down

## Process Management
- Handle `SIGTERM` and `SIGINT` for graceful shutdown
- Register `process.on('unhandledRejection', ...)` at startup — log + exit(1)

## Logging
- Structured JSON logging (pino or similar) in production
- Log level via `LOG_LEVEL` env var
- Always include: timestamp, level, message, module

## Package Conventions
- Commit `package-lock.json`
- Pin exact versions for infrastructure packages
- Scripts: always define `start`, `build`, `dev`, `typecheck`, `lint`
