# Snapshot

## Detected
typescript, nextjs-app, react, nodejs, tailwind, prisma, prettier, playwright

## Files (7)
- .cursor/rules/nextjs-app.mdc
- .cursor/rules/nodejs.mdc
- .cursor/rules/playwright.mdc
- .cursor/rules/prisma.mdc
- .cursor/rules/react.mdc
- .cursor/rules/tailwind.mdc
- .cursor/rules/typescript.mdc

---
FILE: .cursor/rules/nextjs-app.mdc
---
---
description: nextjs-app best practices and conventions
globs: ["**/*"]
alwaysApply: false
---

---
name: nextjs-app
description: Next.js App Router conventions: Server Components, Client Components, API routes, data fetching, and project structure. Use whenever building or editing Next.js pages, layouts, API routes, or server actions. Also trigger for routing, metadata, or image optimization questions.
---

# Next.js App Router Conventions

## Structure
```
app/
├── layout.tsx
├── page.tsx
├── (marketing)/
├── dashboard/
│   ├── layout.tsx
│   └── page.tsx
└── api/
    └── route.ts
```

## Server vs Client Components
- Default: Server Component (no `'use client'`)
- Add `'use client'` only for: hooks, browser APIs, event listeners
- Keep Client Components as leaf nodes

## Data Fetching
```typescript
export default async function Page() {
  const data = await fetchData();
  return <UI data={data} />;
}
```

## API Routes
```typescript
export async function GET(req: NextRequest) {
  const id = req.nextUrl.searchParams.get('id');
  if (!id) return NextResponse.json({ error: 'id required' }, { status: 400 });
  return NextResponse.json(await getData(id));
}
```

## Environment Variables
- Server-only: `SOME_KEY`
- Client-exposed: `NEXT_PUBLIC_SOME_KEY`

---
FILE: .cursor/rules/nodejs.mdc
---
---
description: nodejs best practices and conventions
globs: ["**/*"]
alwaysApply: false
---

---
name: nodejs
description: Node.js runtime conventions, environment configuration, process management, and server bootstrap patterns. Use whenever writing server entry points, handling env vars, setting up process signals, or debugging Node.js runtime issues.
---

# Node.js Conventions

## Runtime
- Node.js 20+ LTS: use native `fetch`, `crypto`
- Always specify `"engines": { "node": ">=20" }` in package.json

## Environment Variables
- Validate all required env vars at startup: fail fast
```typescript
const required = ['DATABASE_URL', 'API_KEY'];
for (const key of required) {
  if (!process.env[key]) throw new Error(`Missing env var: ${key}`);
}
```
- Never read `process.env` deep in business logic: read at startup, pass down

## Process Management
- Handle `SIGTERM` and `SIGINT` for graceful shutdown
- Register `process.on('unhandledRejection', ...)` at startup: log + exit(1)

## Logging
- Structured JSON logging (pino or similar) in production
- Log level via `LOG_LEVEL` env var
- Always include: timestamp, level, message, module

## Package Conventions
- Commit `package-lock.json`
- Pin exact versions for infrastructure packages
- Scripts: always define `start`, `build`, `dev`, `typecheck`, `lint`

---
FILE: .cursor/rules/playwright.mdc
---
---
description: playwright best practices and conventions
globs: ["**/*"]
alwaysApply: false
---

---
name: playwright
description: Playwright end-to-end test patterns, fixtures, selectors, and reliability. Use when writing or debugging Playwright browser tests or investigating flaky behavior.
---

<!-- review before release -->

# Playwright Conventions

## Structure
- Tests under `tests/` (or `e2e/`). One flow per file.
- Shared setup via fixtures: `test.extend({ authedPage: ... })`.

## Selectors
- Role-based first: `page.getByRole('button', { name: 'Save' })`.
- `getByTestId` for elements without accessible labels.
- Avoid CSS selectors: they couple tests to markup rather than behavior.

## Waits
- Never `page.waitForTimeout(ms)`. Use `expect(locator).toBeVisible()` or explicit network waits.
- Playwright auto-waits for actionability. Trust it first; reach for explicit waits only while debugging.

## Reliability
- Reset state between tests: seed DB, mock API, or create a fresh user per test.
- `trace: 'retain-on-failure'` in `playwright.config` so failures are debuggable from CI artifacts.

---
FILE: .cursor/rules/prisma.mdc
---
---
description: prisma best practices and conventions
globs: ["**/*"]
alwaysApply: false
---

---
name: prisma
description: Prisma ORM patterns: schema design, migrations, typed queries, and connection pooling.
---

# Prisma Conventions

## Client Singleton
```typescript
import { PrismaClient } from '@prisma/client';
const g = globalThis as { prisma?: PrismaClient };
export const prisma = g.prisma ?? new PrismaClient({ log: ['error'] });
if (process.env.NODE_ENV !== 'production') g.prisma = prisma;
```

## Schema
```prisma
model User {
  id        String   @id @default(cuid())
  email     String   @unique
  createdAt DateTime @default(now())
  updatedAt DateTime @updatedAt
}
```

## Migrations
```bash
npx prisma migrate dev --name describe_change
npx prisma migrate deploy   # production
```

---
FILE: .cursor/rules/react.mdc
---
---
description: react best practices and conventions
globs: ["**/*"]
alwaysApply: false
---

---
name: react
description: React component patterns, hooks, state management, and accessibility conventions. Use whenever building React components, managing state, handling forms, writing custom hooks, or composing UI.
---

# React Conventions

## Component Structure
```typescript
interface Props { id: string; onDone?: () => void; }

export function MyComponent({ id, onDone }: Props) {
  // 1. Hooks  2. Derived state  3. Handlers  4. Effects  5. Render
}
```
- Named exports (except Next.js pages)

## State Management
- Local: `useState` / `useReducer`
- Server state: React Query / SWR: never `useEffect` + `fetch`
- Global: Zustand
- URL state: `useSearchParams`

## Performance
- `memo()` only after measuring
- Key prop: stable IDs, never array index

## Accessibility
- Keyboard navigable interactive elements
- Descriptive `alt` on all images
- `<label>` associated with every form field
- Semantic HTML: `<button>`, `<nav>`, `<main>`

---
FILE: .cursor/rules/tailwind.mdc
---
---
description: tailwind best practices and conventions
globs: ["**/*"]
alwaysApply: false
---

---
name: tailwind
description: Tailwind CSS utility class patterns, responsive design, and component composition.
---

# Tailwind CSS Conventions

## Core
- Utility-first: compose in JSX, extract when reused 3+ times
- Use `cn()` (clsx + tailwind-merge) for conditional classes

## Responsive (mobile-first)
```
className="flex flex-col md:flex-row gap-4"
```

## Common Patterns
```
Card:   rounded-xl border bg-card p-6 shadow-sm
Button: inline-flex items-center gap-2 rounded-lg bg-primary px-4 py-2 text-sm font-medium
Input:  flex h-10 w-full rounded-md border bg-background px-3 py-2 text-sm
```

## Colors
- Define brand colors in `tailwind.config.ts` under `theme.extend.colors`
- Semantic names: `primary`, `secondary`, `destructive`, `muted`
- Dark mode via `class` strategy

---
FILE: .cursor/rules/typescript.mdc
---
---
description: typescript best practices and conventions
globs: ["**/*"]
alwaysApply: false
---

---
name: typescript
description: TypeScript patterns, type definitions, async conventions, and module structure. Use whenever writing, editing, or reviewing TypeScript code, defining types or interfaces, handling async logic, or structuring modules. Also trigger for strict mode errors, generics, or type inference questions.
---

> Detected in tsconfig: `strict: true`.
> Detected in tsconfig: `noUncheckedIndexedAccess` is NOT enabled. Consider turning it on.

# TypeScript Conventions

## Compiler Settings
- `"strict": true`: non-negotiable
- `noUncheckedIndexedAccess: true`: always guard array/object access
- `exactOptionalPropertyTypes: true`
- Target `ES2022` or later

## Type Definitions
- Prefer `interface` for object shapes; `type` for unions, intersections, and primitives
- Never use `any`: use `unknown` and narrow with type guards
- Avoid type assertions (`as X`) unless you control both sides
- Export types from a dedicated `types.ts` per module

## Async Patterns
- Always `async/await`: never raw `.then()` chains in application code
- Wrap external calls in try/catch; rethrow with context
- Use `Promise.all()` for independent parallel operations

## Error Handling
- API boundaries: return `{ error: string }` with the appropriate HTTP status
- Never swallow errors silently: always log at minimum

## Naming
- Files: `kebab-case.ts`
- Classes/Interfaces/Types: `PascalCase`
- Functions/variables: `camelCase`
- Constants: `SCREAMING_SNAKE_CASE`
- Booleans: prefix with `is`, `has`, `can`, `should`

## Imports
- Use path aliases (`@/lib/...`): no deep relative paths
- Group: external → internal → types → relative
